// Jest Snapshot v1, https://goo.gl/fbAQLP

exports[`tests on GiftItem component should match with snapshot 1`] = `
<div>
  <div
    class="card"
  >
    <img
      alt=""
      src="https://localhost/algo.jpg"
    />
    <p>
      A title
    </p>
  </div>
</div>
`;
